I'm sorry, but errors were detected in your script. Please correct the
errors listed below, and try again.


File "game/script.rpy", line 54: expected end of line
    window hide with dissolve
                ^

Ren'Py Version: Ren'Py 8.1.3.23091805
Thu Dec 21 06:16:04 2023
